Microsoft (R) Build Engine version 4.8.9221.0
[Microsoft .NET Framework, version 4.0.30319.42000]
Copyright (C) Microsoft Corporation. All rights reserved.

  Starting AssetCooker...
  Argument '--shaders' has been deprecated and is no longer used.
  Opened output file: C:\Users\Shadow\Documents\Firaxis ModBuddy\Civilization VI\Henno Mods\project\build-logs\csc-artpack-verify\Mods\CSC Art Pack\ArtDefs/CSC_ArtPack_Landmarks.artdef
  Cannot cook the ArtDef (CSC_Buildings.artdef) since it does not exist in the pantry!
  Cooking ArtDef: (Eras.artdef).
  Cooking ArtDef: (Cultures.artdef).
  Cooking ArtDef: (Appeal.artdef).
  Cooking ArtDef: (CSC_ArtPack_Landmarks.artdef).
  Unable to find the ArtDef (CSC_Buildings.artdef) referenced by  >> CSC_ArtPack_Landmarks.artdef >> Districts >> DISTRICT_CSC_BAKERS_QUARTER >> BuildingVariants >> 01 Ancient: Wind Mill 2 >> Tag_HeroBuilding.
   >> CSC_ArtPack_Landmarks.artdef >> Districts >> DISTRICT_CSC_BAKERS_QUARTER >> BuildingVariants >> 01 Ancient: Wind Mill 2 >> Tag_HeroBuilding has had its value replaced with its default value.
  
  Cook finished for ArtDef at Path: 'CSC_ArtPack_Landmarks.artdef' with Template: 'Landmarks'
  ArtDef cook completed.
  Dependencies for file 'CSC_Buildings.artdef' will not be included in the dependency data.
  Opened output file: C:/Users/Shadow/Documents/Firaxis ModBuddy/Civilization VI/Henno Mods/project/build-logs/csc-artpack-verify/Mods/CSC Art Pack/CSC_Art_Pack.dep    For project CSC_Art_Pack
  Unable to auto-generate ArtDef dependency information.  This will need to be done manually.Cook completed in 4.040 seconds
  Starting AssetCooker...
  Argument '--shaders' has been deprecated and is no longer used.
  XLP cook starting...
  C:\Users\Shadow\Documents\Firaxis ModBuddy\Civilization VI\Henno Mods\CSC Art Pack\XLPs\CSC_ArtPack_Tilebases.xlp
  Opened output file: C:\Users\Shadow\Documents\Firaxis ModBuddy\Civilization VI\Henno Mods\project\build-logs\csc-artpack-verify\Mods\CSC Art Pack\Platforms\Windows\BLPs/Landmarks/CSC_ArtPack_Tilebases.blp    For XLP: 'C:\Users\Shadow\Documents\Firaxis ModBuddy\Civilization VI\Henno Mods\CSC Art Pack\XLPs\CSC_ArtPack_Tilebases.xlp'
  Could not load digest key: ''.  Using mod key to sign BLP.
  Starting 'Landmarks/CSC_ArtPack_Tilebases'
EXEC : Loading error asset: (Error/TileBase_Error_Asset) [C:\Users\Shadow\Documents\Firaxis ModBuddy\Civilization VI\Henno Mods\CSC Art Pack\CSC Art Pack.civ6proj]
  Replacing asset: (CSC_BAKERS_Wind_Mill_2) in entry (CSC_BAKERS_Wind_Mill_2) with error asset
  The following 5 entities had errors:
  Assets: 1
      CSC_BAKERS_Wind_Mill_2
  Materials: 2
      CSC_BAKERS_E
      CSC_BAKERS_NE
  Geos: 2
      CSC_Level_1_S
      CSC_Level_1_S_CON+PIL
  
  ****** Log from Asset: 'CSC_BAKERS_Wind_Mill_2' (ERRORS!!) ********
  --------------
  Model instance: 'CSC_Level_1_S' of Asset: 'CSC_BAKERS_Wind_Mill_2' references geo: 'CSC_Level_1_S' which does not exist.
  Model instance: 'CSC_Level_1_S_CON+PIL' of Asset: 'CSC_BAKERS_Wind_Mill_2' references geo: 'CSC_Level_1_S_CON+PIL' which does not exist.
  
  ****** Log from Material: 'CSC_BAKERS_E' (ERRORS!!) ********
  --------------
  I/O error reading XML: C:\Users\Shadow\Documents\Firaxis ModBuddy\Civilization VI\Henno Mods\CSC Art Pack/Materials/CSC_BAKERS_E.mtl
  
  ****** Log from Material: 'CSC_BAKERS_NE' (ERRORS!!) ********
  --------------
  I/O error reading XML: C:\Users\Shadow\Documents\Firaxis ModBuddy\Civilization VI\Henno Mods\CSC Art Pack/Materials/CSC_BAKERS_NE.mtl
  
  ****** Log from Geometry: 'CSC_Level_1_S' (ERRORS!!) ********
  --------------
  I/O error reading XML: C:\Users\Shadow\Documents\Firaxis ModBuddy\Civilization VI\Henno Mods\CSC Art Pack/Geometries/CSC_Level_1_S.geo
  
  ****** Log from Geometry: 'CSC_Level_1_S_CON+PIL' (ERRORS!!) ********
  --------------
  I/O error reading XML: C:\Users\Shadow\Documents\Firaxis ModBuddy\Civilization VI\Henno Mods\CSC Art Pack/Geometries/CSC_Level_1_S_CON+PIL.geo
  Load finished for: 'Landmarks/CSC_ArtPack_Tilebases' in 0.115 seconds
  Cook finished for: 'Landmarks/CSC_ArtPack_Tilebases' in 0.001 seconds
  Disk write finished for: 'Landmarks/CSC_ArtPack_Tilebases' in 0.076 seconds
  Cleanup finished for: 'Landmarks/CSC_ArtPack_Tilebases' in 0.002 seconds
  XLP cook completed with success.
  Cook completed in 0.210 seconds
  Starting AssetCooker...
  Argument '--shaders' has been deprecated and is no longer used.
  XLP cook starting...
  C:\Users\Shadow\Documents\Firaxis ModBuddy\Civilization VI\Henno Mods\CSC Art Pack\XLPs\CSC_ArtPack_Tilebases.xlp
  Opened output file: C:\Users\Shadow\Documents\Firaxis ModBuddy\Civilization VI\Henno Mods\project\build-logs\csc-artpack-verify\Mods\CSC Art Pack\Platforms\MacOS\BLPs/Landmarks/CSC_ArtPack_Tilebases.blp    For XLP: 'C:\Users\Shadow\Documents\Firaxis ModBuddy\Civilization VI\Henno Mods\CSC Art Pack\XLPs\CSC_ArtPack_Tilebases.xlp'
  Could not load digest key: ''.  Using mod key to sign BLP.
  Starting 'Landmarks/CSC_ArtPack_Tilebases'
EXEC : Loading error asset: (Error/TileBase_Error_Asset) [C:\Users\Shadow\Documents\Firaxis ModBuddy\Civilization VI\Henno Mods\CSC Art Pack\CSC Art Pack.civ6proj]
  Replacing asset: (CSC_BAKERS_Wind_Mill_2) in entry (CSC_BAKERS_Wind_Mill_2) with error asset
  The following 5 entities had errors:
  Assets: 1
      CSC_BAKERS_Wind_Mill_2
  Materials: 2
      CSC_BAKERS_E
      CSC_BAKERS_NE
  Geos: 2
      CSC_Level_1_S
      CSC_Level_1_S_CON+PIL
  
  ****** Log from Asset: 'CSC_BAKERS_Wind_Mill_2' (ERRORS!!) ********
  --------------
  Model instance: 'CSC_Level_1_S' of Asset: 'CSC_BAKERS_Wind_Mill_2' references geo: 'CSC_Level_1_S' which does not exist.
  Model instance: 'CSC_Level_1_S_CON+PIL' of Asset: 'CSC_BAKERS_Wind_Mill_2' references geo: 'CSC_Level_1_S_CON+PIL' which does not exist.
  
  ****** Log from Material: 'CSC_BAKERS_E' (ERRORS!!) ********
  --------------
  I/O error reading XML: C:\Users\Shadow\Documents\Firaxis ModBuddy\Civilization VI\Henno Mods\CSC Art Pack/Materials/CSC_BAKERS_E.mtl
  
  ****** Log from Material: 'CSC_BAKERS_NE' (ERRORS!!) ********
  --------------
  I/O error reading XML: C:\Users\Shadow\Documents\Firaxis ModBuddy\Civilization VI\Henno Mods\CSC Art Pack/Materials/CSC_BAKERS_NE.mtl
  
  ****** Log from Geometry: 'CSC_Level_1_S' (ERRORS!!) ********
  --------------
  I/O error reading XML: C:\Users\Shadow\Documents\Firaxis ModBuddy\Civilization VI\Henno Mods\CSC Art Pack/Geometries/CSC_Level_1_S.geo
  
  ****** Log from Geometry: 'CSC_Level_1_S_CON+PIL' (ERRORS!!) ********
  --------------
  I/O error reading XML: C:\Users\Shadow\Documents\Firaxis ModBuddy\Civilization VI\Henno Mods\CSC Art Pack/Geometries/CSC_Level_1_S_CON+PIL.geo
  Load finished for: 'Landmarks/CSC_ArtPack_Tilebases' in 0.111 seconds
  Cook finished for: 'Landmarks/CSC_ArtPack_Tilebases' in 0.001 seconds
  Disk write finished for: 'Landmarks/CSC_ArtPack_Tilebases' in 0.065 seconds
  Cleanup finished for: 'Landmarks/CSC_ArtPack_Tilebases' in 0.001 seconds
  XLP cook completed with success.
  Cook completed in 0.193 seconds
