Microsoft (R) Build Engine version 4.8.9221.0
[Microsoft .NET Framework, version 4.0.30319.42000]
Copyright (C) Microsoft Corporation. All rights reserved.

  Starting AssetCooker...
  Argument '--shaders' has been deprecated and is no longer used.
  Opened output file: C:\Users\Shadow\Documents\Firaxis ModBuddy\Civilization VI\Henno Mods\project\build-logs\csc-artpack-verify\Mods\CSC Art Pack\ArtDefs/CSC_ArtPack_Landmarks.artdef
  Cannot cook the ArtDef (CSC_Buildings.artdef) since it does not exist in the pantry!
  Cooking ArtDef: (Eras.artdef).
  Cooking ArtDef: (Cultures.artdef).
  Cooking ArtDef: (Appeal.artdef).
  Cooking ArtDef: (CSC_ArtPack_Landmarks.artdef).
  Unable to find the ArtDef (CSC_Buildings.artdef) referenced by  >> CSC_ArtPack_Landmarks.artdef >> Districts >> DISTRICT_CSC_BAKERS_QUARTER >> BuildingVariants >> 01 Ancient: Wind Mill 2 >> Tag_HeroBuilding.
   >> CSC_ArtPack_Landmarks.artdef >> Districts >> DISTRICT_CSC_BAKERS_QUARTER >> BuildingVariants >> 01 Ancient: Wind Mill 2 >> Tag_HeroBuilding has had its value replaced with its default value.
  
  Cook finished for ArtDef at Path: 'CSC_ArtPack_Landmarks.artdef' with Template: 'Landmarks'
  ArtDef cook completed.
  Dependencies for file 'CSC_Buildings.artdef' will not be included in the dependency data.
  Opened output file: C:/Users/Shadow/Documents/Firaxis ModBuddy/Civilization VI/Henno Mods/project/build-logs/csc-artpack-verify/Mods/CSC Art Pack/CSC_Art_Pack.dep    For project CSC_Art_Pack
  Unable to auto-generate ArtDef dependency information.  This will need to be done manually.Cook completed in 4.487 seconds
  Starting AssetCooker...
  Argument '--shaders' has been deprecated and is no longer used.
  XLP cook starting...
  C:\Users\Shadow\Documents\Firaxis ModBuddy\Civilization VI\Henno Mods\CSC Art Pack\XLPs\CSC_ArtPack_Tilebases.xlp
  Opened output file: C:\Users\Shadow\Documents\Firaxis ModBuddy\Civilization VI\Henno Mods\project\build-logs\csc-artpack-verify\Mods\CSC Art Pack\Platforms\Windows\BLPs/Landmarks/CSC_ArtPack_Tilebases.blp    For XLP: 'C:\Users\Shadow\Documents\Firaxis ModBuddy\Civilization VI\Henno Mods\CSC Art Pack\XLPs\CSC_ArtPack_Tilebases.xlp'
  Could not load digest key: ''.  Using mod key to sign BLP.
  Starting 'Landmarks/CSC_ArtPack_Tilebases'
  
  ****** Log from Geometry: 'CSC_Level_1_S_CON+PIL' ********
  --------------
  Geo CSC_Level_1_S_CON+PIL Mesh CSC_Level_1_S_CON+PIL_Bldg : 2 vertices removed by tangent merger.
  Geo CSC_Level_1_S_CON+PIL mesh Scaffolding flagged for possible vertex duplication. Vertex Count: 588, Index Count: 816, Tri Count 272, Reused Vertices: 228, Duplicate Vertices: 0, Duplicate Positions: 192, Vertex:Tri Ratio: 2.16
  
  ****** Log from Texture: 'CSC_Atlas_O' ********
  --------------
  Texture 'CSC_Atlas_O' (1024x1024) is at least 99 percent solid color, but is 64x64 or larger resolution!
  Load finished for: 'Landmarks/CSC_ArtPack_Tilebases' in 0.343 seconds
  CSC_Level_1_S_CON+PIL_Bldg:CSC_Level_1_S_CON+PIL_Bldg has 2 degenerate triangles
  Cook finished for: 'Landmarks/CSC_ArtPack_Tilebases' in 0.004 seconds
  Disk write finished for: 'Landmarks/CSC_ArtPack_Tilebases' in 0.236 seconds
  Cleanup finished for: 'Landmarks/CSC_ArtPack_Tilebases' in 0.002 seconds
  XLP cook completed with success.
  Cook completed in 0.630 seconds
  Starting AssetCooker...
  Argument '--shaders' has been deprecated and is no longer used.
  XLP cook starting...
  C:\Users\Shadow\Documents\Firaxis ModBuddy\Civilization VI\Henno Mods\CSC Art Pack\XLPs\CSC_ArtPack_Tilebases.xlp
  Opened output file: C:\Users\Shadow\Documents\Firaxis ModBuddy\Civilization VI\Henno Mods\project\build-logs\csc-artpack-verify\Mods\CSC Art Pack\Platforms\MacOS\BLPs/Landmarks/CSC_ArtPack_Tilebases.blp    For XLP: 'C:\Users\Shadow\Documents\Firaxis ModBuddy\Civilization VI\Henno Mods\CSC Art Pack\XLPs\CSC_ArtPack_Tilebases.xlp'
  Could not load digest key: ''.  Using mod key to sign BLP.
  Starting 'Landmarks/CSC_ArtPack_Tilebases'
  
  ****** Log from Geometry: 'CSC_Level_1_S_CON+PIL' ********
  --------------
  Geo CSC_Level_1_S_CON+PIL Mesh CSC_Level_1_S_CON+PIL_Bldg : 2 vertices removed by tangent merger.
  Geo CSC_Level_1_S_CON+PIL mesh Scaffolding flagged for possible vertex duplication. Vertex Count: 588, Index Count: 816, Tri Count 272, Reused Vertices: 228, Duplicate Vertices: 0, Duplicate Positions: 192, Vertex:Tri Ratio: 2.16
  
  ****** Log from Texture: 'CSC_Atlas_O' ********
  --------------
  Texture 'CSC_Atlas_O' (1024x1024) is at least 99 percent solid color, but is 64x64 or larger resolution!
  Load finished for: 'Landmarks/CSC_ArtPack_Tilebases' in 0.322 seconds
  CSC_Level_1_S_CON+PIL_Bldg:CSC_Level_1_S_CON+PIL_Bldg has 2 degenerate triangles
  Cook finished for: 'Landmarks/CSC_ArtPack_Tilebases' in 0.003 seconds
  Disk write finished for: 'Landmarks/CSC_ArtPack_Tilebases' in 0.126 seconds
  Cleanup finished for: 'Landmarks/CSC_ArtPack_Tilebases' in 0.002 seconds
  XLP cook completed with success.
  Cook completed in 0.475 seconds
